[(([{<{(<{{[({{}{}}{[]()})<{{}()}>]}}(([{{{}[]}[[]()]}[<{}[]]{()()}]](({{}{}}{{}()}))){[{({}())[[ => Illegal character ']' at position 60
<(({[<([{({[{{<>()}}[{<>()}({}{})]]<{<()<>>{[]()}}(((){}>[[][]])>}([{<[]{}>(<>[])}]))<[[[[[][] => Illegal character '>' at position 56
(<<(<{{{{<<<[(()<>){()<>}][[()()]]>{<{[]{}}<<>()>>}>{(<{<>}([]{})><(<>())<(){}>>)<(([]{})(()()))<<()[]>{{}[]} => OK - >>}>}}}}>)>>)
[[[[<[{[(<{{{({}<>)((){})}((()())[()()])}}><[([((){})]<[()[]]{{}<>}>)[[{[]<>}][([]{})[{}()]]]]>)<{(< => OK - >)}>]}]>]]]]
[<(<[[((<{((<<<>[]>><<<>{}>>){<[{}<>][<>[]]><<<>()>[(){}]>})[<{[{}<>][(){}]}<[[]<>][{}[]])>{([<>[]][ => Illegal character ')' at position 89
(([[[[<([[{([{<>()}{()<>}][((){})]){[{[]<>}({}<>)][(<><>)[()[]]]}}<{{({}{}){[]{}}}<{<><>}({}{})>}> => OK - ]])>]]]]))
{{{[<(<([<{({{[]()}[{}()]}{<()<>>(()<>)})}><<[{<()()>(()[])}<<<>[]]>][<{()}{<><>}>({{}[]})]>>]( => Illegal character ']' at position 66
(((<<({<{{<[{[{}[]][()<>]}({{}{}}[{}[]])]>}<<((<{}[]>{<>{}})[{{}[]}])>{<({<>}<<>[]>){[{}{}][()[ => OK - ]]}>}>}>})>>)))
<[{{[{[[(<{({{<>[]}<{}{}>}<([]())<[]()>>)}({{[[]<>]]<<<><>>[<>]>}<{([]){(){}}}<{[]<>}{[]<>} => Illegal character ']' at position 51
[(<([{[{<{{[<<()()>{<>}>(({}<>)<()()>)]({{{}{}}[{}()]}[[()<>](<><>)]))}(<<{{()<>}([]())}[<{} => Illegal character ')' at position 69
(((((<<{<({{<[{}()]({}<>)>(<{}[]>([]()))}<{<()<>>([]<>)]>}[<{<()<>><[]<>>}[{[][]}([]{})]>{[[() => Illegal character ']' at position 55
(<(([<[[(<{(({(){}}<[]<>>)[(()[])(()[])])({((){})}{<{}{}>(<>[])})}((({<>()}<<>{}>)(<{}<>>{[][]})))>[<[{<{}( => OK - )>}]>])]]>]))>)
<(<{([(({<<(<{()<>}[(){}]><{[]{}}<[][]>>)((([]{}){<>{}}){({}<>){<>{}}})>>(<{<({}<>)<{}<>>>({[]()}{<>{}})}>[[ => OK - ]])}))])}>)>
<{{(<<<[(([[[[{}{}]]<[[]][()()]>][(({}[]){[]})<{(){}}{{}{}}>]][({[(){}]([]())}([()<>][{}()]))({([]<>)}[<< => OK - >>])]))]>>>)}}>
(([{{<([[[{{[<<>[]>{()()}][{<>()}{{}}]}([<[]><[]{}>]<<[]<>>>)}][{({[()()]<{}{}>})((<[]<>>< => OK - >))}]]])>}}]))
{{<{<[{<[{<[({{}()}([]{})){(<>[])([][])}][[{()[]}][<[]{}>]]>({(<{}{}}<[]{}>)[[()<>][{}{}]]}[<<[]()>[{}{}] => Illegal character '}' at position 68
((<([([(({[([({}{})]({[]<>}<<>()>))({<()()>[<><>]}({<>{}}<{}[]>))]{{[{{}[]}][[()()](()())]}[ => OK - ]}}))])])>))
([<(<[{[<<(<<{<>[]}[[]{}]>([{}][<><>])>[{<<>()><<>()>}])>>]}[(({<{(<()<>>{{}{}})[{[][]}]}<{ => OK - }>>}))]]>)>])
([(<{{[[[[{{(<{}<>>([]())){{[]<>}{<>()}}}[{[{}<>]<(){}>}]}[<<[(){}]([]<>)><[[][]][<>[]]>>({( => OK - )})]]]]]}}>)])
(<{[{{<{<<{{<(<>{}){()[]}><(<><>){[]<>}>}{<[<><>]{[]<>}>[[<><>]{[]}]}}>[([<[{}[]]>(<[]()>([]<>))]<[<[]{ => OK - }>]>)]>}>}}]}>)
<{([[<<{[([<<{[]{}}<<><>>><<<>{}>[[]()]>>({<[]<>>({}{})}({()()}(<>[])))][{(<(){}>[<><>])<<{}<>><[][]>>}[[ => OK - ]]])]}>>]])}>
{(<[[{<{[[[{[([][])(()())]}[<[[]<>]{{}()}>{<{}[]>[(){}]}]]]{[<({[][]}(<><>))[([][])<<>[]>]>({{{}[]}[<>{ => OK - }]})]}]}>}]]>)}
[({{{(({[<(([<(){}>[[]{}]]){{{{}()}}[<[]()>({})]}){<[<{}{}>{[]()}](({}[]>{<>[]})>[([()<>][[ => Illegal character '>' at position 72
{{<{{{<([<<[{[[][]]({}())}[<<>[]><<>[]>]><{(<><>)({}{})}{(()<>)([][])}>>{<[<{}{}>{()()}]{<{}{}><[]> => Illegal character '>' at position 40
([<<[((({{{<([{}[]](()()))<(()()){{}{}}>>{[{<>[]}({}())>}}}<{[<<{}<>>(<>{})>(({}<>)[()[]])](<{()<>} => Illegal character '>' at position 55
{(<<<[[<[({{[{{}{}}][[[]{}](<><>)]}<{([]{})<[][]>}[{{}{}}<()()>]>}<[{{()[]}{()[]}}[[[][]]{(){}}]](<({ => OK - })>)>)]>]]>>>)}
<{{((<{[<({{([<><>]([]<>))}(<<()<>><(){}>>{([]<>)([][])})}{[{({}())[()()]}[<<>()>{[][]}]]( => OK - )})>]}>))}}>
<<<[({({<({[<<<>{}>(<>{})>]((<<>()>[()])(({}{}){()()}))})>{{<(([()<>]<<>[]>)({()}))>}}})}<{({<<(<<{}>( => OK - )>)>>})}>)]>>>
<(<{<[((<(<[([()<>][[]()])]<((<>)<{}{}>]({()()}[[]{}])>><<{{<><>}{{}<>}}([[][]]<<>>)><(<{}{}>({}[])) => Illegal character ']' at position 39
[[([{[{[{({([<()>]{(<>())(()())})[[{<>()}{()<>}][[<><>][[][]]]]}{(({{}{}})[{{}()}[{}<>]]){[<()()>{()[]}] => OK - }})}]}]}])]]
[<<[{<({([<(<({}())[[]{}]><[[]{}]{<>()}>)>(<(<()()>)(<()<>>[{}[]])>)]<<[{<{}[]>([]{})}<((){})< => OK - >>]>>)})>}]>>]
{[{{<{[{({{<[<<>{}><[][]>]<<(){}>[[]<>]>>([[<>[]]<()[]>](({}{})(()<>)))}}{<<{<(){}><()[]>}[(<>[])( => OK - )]>>})}]}>}}]}
[<<[[([[{{[({<<><>><<>[]>})({<{}()>({}[])}((()<>)[<>()]))](<([()()])<<<>[]><()()>>>)}<{<{(()<>)[()[]]}<({}()) => OK - >>}>}]])]]>>]
[{([{<([<(<<(([][])<<>[]>)<{<><>}(<><>)>>(<(<>[])([]{})>{<()<>><{}<>>})>((<[<>[]][[][]]><{<><>}(<>[])>)))[ => OK - ]>])>}])}]
<{{([{[([[{<[(()())[{}{}]]><[<[]>[(){}]](([]<>)(()()))>}{([{[]()}[{}[]]]<[<>[]][<>{}]>)}]][<[<<(<>{})[{}{}]>> => OK - ]>])]}])}}>
{{[<<{{({({<<{<>()}<{}[]>>>{<[<>()](()<>)>{(()<>)<{}[]>}}}<((<<>[]>{()[]))<{[]()}{<>[]}>)<[[{}][{}[ => Illegal character ')' at position 72
[<<[<<{[[<({[[{}[]]([][])]<({}[])>}<{{<>{}}<[]()>}{([]<>){()<>}}>)<{(<()<>>(()<>))(<<>><()<>>)}>>]<{<< => OK - >>}>]}>>]>>]
<{({(<<(<{({<({}<>)>({{}}{<>()})}{<(()<>){<>{}}>{{[][]}({}[])}})}>)>>([<(({(({<><>}({}[])){{()<>}[[]]})<((<>< => OK - >))>}))>]))})}>
(<{[[([[<{[<{<[]()>([]())}((()<>>{{}{}})>]}>]]{<<<[(([[]<>]<{}()>)({<>{}}<()[]>)){<{{}()}<[]<>>>[ => Illegal character '>' at position 32
[[{[<[[<<{<([{()[]}{{}{}}]<<[]{}>>)<[[{}<>]{{}[]}]{[{}()]{(){}}}>>({([()()]<[]<>>)<{{}()}( => OK - )>})}>>]]>]}]]
((([{({[{<{({{[]<>}[{}()>}[({}[])[[]()]])[[{<>[]}{{}[]}]<[(){}]{()()}>]}{<{([]<>)}>([{<>{}}]{ => Illegal character '>' at position 24
[(<(<({{{((<[<<>[]>{()<>}][[[][]]<<>[]>]>[[<[]{}>[{}{}]]{([]()){<>())}]))([(<<[]{}>>)][[{(()<>)([][])}]{<(<> => Illegal character ')' at position 68
{<[[<<{({[(<(({}{})(<>{}))<{<>[]}<<>()>>><(<()>({}()))[{[]{}}(<>[])}>)]}){(<{(({{}[]})<(<><>)([]())>){[([][ => Illegal character '}' at position 67
[[{[<{[((<[<<<<><>>[<><>]>[<<>>{<><>}]>][{{<()>{{}[]}}{({})[{}()]}}[<[[]{}]{()()}>({[]()}(<>{}))]}>{{<([ => Illegal character '}' at position 97
{<<({<[<(([[[[[]()]][<{}<>><()()>]](<<{}[]>[<>()]>[{<>{}}[()]])])({(({{}[]}<<>()})(<<>()>)){[{()<>}{(){}}] => Illegal character '}' at position 80
<[[<<[{([(({{{<>[]}([]{})}<[[]()]<()()>>}[<({}[])[[]<>]>[<{}()>[()()]]])[{(<[][]>{{}<>}){{<>() => OK - }}}])])}]>>]]>
([[<(<({({(<([<>[]][[][]])[<()[]>[[]()]]>{((()())([]{})){<{}()>{<>{}}}})}[<[<[()<>]{[]{}}>({[][]}( => OK - ))]>])})>)>]])
[<{<([{<[{<[<([][])}([[][]]<<><>>)]><(<(()[])<()<>>>({<>{}}[<><>]))>}<(<(({}()){{}[]})[<<>[]>]>){ => Illegal character '}' at position 19
{{[<{<{([<<[{[()()]{[][]}}[[[]{}]{{}[]}]]{<<{}()>[[][]]>{{()[]}(()())}}>{[{[(){}][[]()]}<<()> => OK - >]}>])}>}>]}}
<{[<{[{{(<<(<<{}>>{{()[]}({}{})})<{[<>{}][<>{}]}((<>{}))>>([[(<><>){()<>}][(()[]){[]<>}]])>)}<<{{([<<> => OK - >])}}>>}]}>]}>
{<({<<{((<{<(<{}>[()])[[(){}]]><<[<>[]]>(([]())([][]))>}<[{<{}()>[[]{}]}[[<><>]([]{})]]>)<[[<{[]}[()[] => Illegal character ')' at position 88
[{<{[[[([[((<[[]{}][<>{}]>[((){})([][])]]({[[]<>][{}()]}[(<><>){[]<>}])){[<[{}]><[()()]>]<<([]<>)(<>())>{<<>[ => Illegal character ']' at position 40
[{[{<([[[(<{<<[]{}>([]{})>[[<>{}]]}>[<[[{}]<<>{}>]{<{}<>>{<>{}}}>([<{}[]><(){}>]<(()())(()<>)>)])<<<[(()<>)( => OK - )]>>>]]])>}]}]
[(([<{(<({<<<(()()){(){}}>[{<>}(<>{})]>[{([]()>(<>())}<(())[()<>]>]>(([<{}{}>]{[[]{}]({}())})(([<>{}]<()< => Illegal character '>' at position 46
{[{([([[[{<{[<{}()>{{}{}}]<{<>[]}([]<>)>}[(<<>{}>({}{}))<<{}()>{{}[]}>]>}{(<[[()()]}>{[[()()]<{}[]>][[()[]]] => Illegal character '}' at position 83
[<([[{[<<[{[{({}[]){{}{}}}]}]([({{()()}}<[[]()][{}[]]>)([[()()>])]{<{<()[]>[<>[]]}<[{}{}]{<>()}>> => Illegal character '>' at position 62
<<(<[<((((((<{(){}}[<><>]>)[<<()[]><{}[]>><<()[]>{{}[]}>])[(<<()}>([{}<>]))({<{}><[][]>}{([]())[{}<>]})])){< => Illegal character '}' at position 64
{[([{[[(<{<{{<{}{}>(())}}>}(({{{[]()}<{}[]>}{([]{}>{<>[]}}}<{<[]()><()[]>}<[<>{}][[]<>]>>)((<[{}[]]<[]<>> => Illegal character '>' at position 50
<{{{(([[([{{{<(){}>{{}()}}{({})<()[]>}}[{(()[])({}<>)}[{[]{}}{()<>}]]}]<(<([{}[]](<>{}))[<()[] => OK - >]>)>)]]))}}}>
<({({[<<([{{({<><>}[{}[]])}{(<<>>([]<>))<{(){}}{<>()}]}}])({{{[{(){}}[(){}]]<[()<>][{}{}]>}}}{ => Illegal character ']' at position 53
(({[(({({((<({[]<>}{[]<>}){[[][]][(){}]}><<<{}[]>(<><>)>(({}<>)({}<>))>)<{{[[]<>][<>()]}}<[(() => OK - )]>>)})}))]}))
<([{{[({([([<{()()}<{}>>{((){}){{}[]}}]<<[[][]]({}<>)>((()())[[][]})>){[<[<>()]<{}<>>>(<<>{}>[[]{}])]{[[ => Illegal character '}' at position 66
{[[[[<{([<[({[[]()]<{}{}>})((<<>{}>[[]<>])<(()())([]())>)]({{[[]<>][{}[]]>[[[]<>]([]{})]}({{( => Illegal character '>' at position 73
[<{<[[<[[({([{{}<>}{<>}][{{}[]}{(){}}])[{<<>()>)([<>()](<>[]))]})]][({[[(([]<>)[{}()])[({})(<> => Illegal character ')' at position 47
([<{{{<([{[[([<>[]]<{}{}>)[({})[<>{}]]]]{<<({}[]){[]()}>[<{}()>]>[([{}[]][()<>]){[()()]<<>()>}]}}<{({{()()}[ => OK - ]})}>])>}}}>])
{(({[({<<[{[(([]{})<{}{}>)({[]<>}[<><>])]}({({()[]})(({}<>)[{}]}}([{[]{}}(()())]))]>(<[[[{[]{ => Illegal character '}' at position 63
[{[((<{[{<[([{<>[]}<[]{}>]({()<>}[[]{}]))<[[<>{}]<[][]>]<{(){}}{[]{}}>>]<({(()()){[][]}}{{[]{}}{()<>}}){ => OK - }>>}]}>))]}]
{{<{({{<<({{(([]())<<><>>)((<>())[{}{}])}{((<>{})[()<>])[(()<>){{}{}}]]})<({[[<>{}]<{}<>>]([<><> => Illegal character ']' at position 70
{<[<[{[(({((<[<><>]([][])>{{<>{}}<{}()>})(<{{}{}}([])><{()<>}(<>{})>))(<{{()<>}{<><>}}[{{}{}}([]<>)]>)}[ => OK - ]))]}]>]>}
[<[[[(({(([({{<>[]}<()<>>})([[{}()]([]<>)]({<>[]}[{}()]))])<{(<[[]<>]{[]<>}>){{{<>[]}}(([]{}))}}<[<{<><>}{ => OK - }>]>>)}))]]]>]
[<{{(<[(<<([<<{}[]>[<>()]>({<>[]}{<>})]<[{[][]}[()]]>)({{[()<>]<<>{}>}<(<>[])({}[])>})>((<{{()}}{<()< => OK - >>}>))>)]>)}}>]
[[(([[<{<<({<(()<>)[{}[]]>[<()[]>[()<>]]}(((()())[{}{}])))>[([({{}[]}([]<>)){({}<>)([][])}] => OK - )]>}>]]))]]
<{<<<<[([([[(<[]<>>){{<>{}}[()[]]}]]{[<<()[]><{}[]>>[<()<>>([]())]][{<<>[]>[{}()]}]})][<[<[ => OK - ]>]>])]>>>>}>
({{<[<[(([(([<()()>{()[]}][(()())[{}]])(((()[]){{}[]})({[]}{[][]})))]<[{[[[]()>]<[<><>]>}[( => Illegal character '>' at position 78
<[<[[[{(([<(({{}{}}<()[]>))>{[<({}<>}([][])>]<[(()()){()()}]<<{}[]>({}())>>}]<<[([<>]([]<>))[{< => Illegal character '}' at position 36
{[[<[(<(<{({[[[]}{<>{}}]}({{{}()}<{}[]>}<<()[]>{[]()}>))}[[{<{{}<>}([][])>[{()()}]}(([{}<>])({[][]}<<>[ => Illegal character '}' at position 16
(<({[{[<<<({[[()[]]]})>>{[{{{[()()][[]{}]}{{<>{}}(<>[])}}<{<{}{}>(<>())}<{[][]}[{}[]]>]}<<[<<>()> => Illegal character ']' at position 86
[[(<(<{<(<{<<{{}<>}<<>{}>>{{()<>}(<>())}>}>){[[{<<<>{}>[{}<>]><{[]}((){})>}[[<<>[]>{<>()}][{{}{} => OK - }]]]]}>}>)>)]]
{[((((({<({({(()())}([{}<>]<()[]>))([<[]>[[]()]]<[[][]](<><>)>)}[<[{{}<>}[[]<>]]>{<<()[]>{{}()}>[{<>}{()[] => OK - }]}])>})))))]}
<[{[(<<[{[<<<<[]()>[<><>]>[<{}<>>]>>]}[([[<({}())[{}()]>{({}{})(<>)}]]([<{[][]}((){})>[{{}()} => OK - ]]))]]>>)]}]>
[[{[[({([<<{[{<><>}<[]{}>][[<><>](()[])]}>[(({{}{}}([][])))((<{}{}>[{}{}])({[]}{{}}))]>]{( => OK - )})})]]}]]
{<[(({{<[(<[{({}{}){(){}}}<(<>{})({})>]<(<<>{}>)<{{}()}<<>[]>>>>{[<<[]{}>{[]()}>{[[][]][()[]] => OK - }]})]>}}))]>}
({[<[{[<[{[(([{}[]]<{}[])){{{}[]}<{}()>}){[{()[]}(<>{})][{<><>}]}]{{({{}<>}([]{}))}{((<><>)([][ => Illegal character ')' at position 24
[[(<[{({({({<{{}[]}<()<>>>[{(){}}{<>[])]}<<<[]()>>{<()[]>({}())}>)(<[{(){}}([]<>)]{[()()]<{}>}> => Illegal character ')' at position 38
<{[{[(({{<{(([<>[]]{[]{}})({{}[]}[<>()]))[[{()<>}<{}{}>]<[()<>]<[]()>>]}<(<(()<>)[()[]]><[<>()}{[]{} => Illegal character '}' at position 94
(([(<[{[{[({<[[]{}]{{}{}}>}([<[]()>(()())]))<(<(()[])[{}[]]><[()<>][{}<>]>)<(<[]{}>]{({}())[<> => Illegal character ']' at position 83
([{<[<[{{((<<{{}{}}[[]{}]><[{}{}]<{}{}>>><({<>{}}([][]))((<>[]){{}<>})>)[{[([][])[[]{}]]<[{}][<>()]>}])([[<[ => OK - ]>]])}}]>]>}])
[{({((<({(({({{}<>})({()()}(()()))}(<<[]{}>><(<>())({}<>)>))<[[(<><>)[[][]]]<{()<>}[[]{}]>]<(( => OK - ))>>)})>))})}]
{({{({({[{([[{[][]}([]())]<([]())<{}{}>>][[([])[{}<>]]{{<>[]}<<>{}>}])[<<{<><>}{{}<>}>>{<{ => OK - }>}]}]})})}})}
{{(<<(([<{<((<<>{}>{<><>})[([]()){[][]}]){{{[][]}[()]}[({}[])]}>}[<[<{()<>}<<>()>>]<(<(){}><()[]>){[()[]](<> => OK - )}>>]>]))>>)}}
{((<(<[[[<(<<[()()]<[]<>>>)({(())[{}[]]}))<{<{{}<>}>[{[]}[()]]}<<(()<>)[[]()]>(<(){}>[<>[]] => Illegal character ')' at position 26
<<{<<{({({({({{}()})({{}<>}([]()))}(({()[]}[()<>])[<()[]><[][]>)))(<<[[][]](<><>)>(((){})([ => Illegal character ')' at position 63
{<<{(<{{{{((([()[]][[]{}])[{()<>}{<>[]}]){{{<><>}}(([])[[]()])})[((<{}()>[[]<>])({[][]}{()( => OK - )}))]}}}}>)}>>}
[((<{{(<({[<<[<>{}]{(){}}>([{}<>](<>()))>][[([[]()][[][]])<{[]<>}{[]}>]<((()<>))>]}((<[([][ => OK - ])]>)))>)}}>))]
(<<([(({(([[([[]<>]{<>{}})(<{}[]>[{}<>])]<([[][]][[]{}])>][<<{<>{}}<<>[]>>[<<>{}>{()()}]><(<[]())({}()) => Illegal character ')' at position 96
(({[{([({<<{{{{}{}}(<>())}[([]<>)(<><>)]}<{{()}}<<{}<>><(){}>>>>>}>([<((<{{}<>}[[][]]>{{<>[]}[() => Illegal character '>' at position 66
([{(<([<[<([({{}<>}<{}[]>)][{[{}()][[][]]}[(()())(<><>)]>)><([<[()<>]<(){}>>{[<><>]<{}<>>}]{ => Illegal character '>' at position 56
[<<(<[({((((<(()<>)[[]{}]>[{<>[]}{()<>}])(<<()[]>(<><>)>{(()[]){[]<>}}))({[{()<>]{()<>}]{{()()}(<>{} => Illegal character ']' at position 80
([<<{({({(<{{<()<>>(<>{})}[<(){}>([]())]}[({{}<>}([]))]>([<({}{})[<>()]><(<>[]][(){}]>]<[<<>[]>({}<>)][{<>} => Illegal character ']' at position 78
[<[{[[{[[{[({([][])([][])})[([{}[]][<>[]))<[[][]]<()<>>>]][<([()[]]{[]<>})>[{({}<>)[{}()]}]]}][( => Illegal character ')' at position 40
{<<<<[[<{{[{<[[]{}][{}{}]>}(<<{}<>>(<>{})>({<>()}<()<>>))]<<<(<>())<()<>>>><[<(){}>[<><>]>>>}}[(({(<<><>>({ => Illegal character '>' at position 89
<[<(<([((<[<(<{}[]>(()<>)){({}[])([]<>)}><[{[]<>}{<>()}]>][<<{<>[]}{(){}}><[()<>]{[]}>][<({}<>)>]]>)[[[(( => Illegal character ']' at position 86